
> spendigo-web@0.0.0 build
> tsc && vite build

[96msrc/pages/admin/StoreManagement.tsx[0m:[93m118[0m:[93m80[0m - [91merror[0m[90m TS17008: [0mJSX element 'Record' has no corresponding closing tag.

[7m118[0m                         const [merchantDataMap, setMerchantDataMap] = useState<Record<string, any>>({ });
[7m   [0m [91m                                                                               ~~~~~~[0m

[96msrc/pages/admin/StoreManagement.tsx[0m:[93m121[0m:[93m25[0m - [91merror[0m[90m TS1382: [0mUnexpected token. Did you mean `{'>'}` or `&gt;`?

[7m121[0m     React.useEffect(() => {
[7m   [0m [91m                        ~[0m

[96msrc/pages/admin/StoreManagement.tsx[0m:[93m122[0m:[93m9[0m - [91merror[0m[90m TS1109: [0mExpression expected.

[7m122[0m         const q = query(collection(db, 'users'), where('role', '==', 'merchant'));
[7m   [0m [91m        ~~~~~[0m

[96msrc/pages/admin/StoreManagement.tsx[0m:[93m123[0m:[93m55[0m - [91merror[0m[90m TS1382: [0mUnexpected token. Did you mean `{'>'}` or `&gt;`?

[7m123[0m         const unsubscribe = onSnapshot(q, (snapshot) => {
[7m   [0m [91m                                                      ~[0m

[96msrc/pages/admin/StoreManagement.tsx[0m:[93m124[0m:[93m13[0m - [91merror[0m[90m TS1109: [0mExpression expected.

[7m124[0m             const map: Record<string, any> = { };
[7m   [0m [91m            ~~~~~[0m

[96msrc/pages/admin/StoreManagement.tsx[0m:[93m124[0m:[93m37[0m - [91merror[0m[90m TS1003: [0mIdentifier expected.

[7m124[0m             const map: Record<string, any> = { };
[7m   [0m [91m                                    ~[0m

[96msrc/pages/admin/StoreManagement.tsx[0m:[93m124[0m:[93m42[0m - [91merror[0m[90m TS1382: [0mUnexpected token. Did you mean `{'>'}` or `&gt;`?

[7m124[0m             const map: Record<string, any> = { };
[7m   [0m [91m                                         ~[0m

[96msrc/pages/admin/StoreManagement.tsx[0m:[93m125[0m:[93m35[0m - [91merror[0m[90m TS1382: [0mUnexpected token. Did you mean `{'>'}` or `&gt;`?

[7m125[0m             snapshot.forEach(doc => {
[7m   [0m [91m                                  ~[0m

[96msrc/pages/admin/StoreManagement.tsx[0m:[93m126[0m:[93m17[0m - [91merror[0m[90m TS1109: [0mExpression expected.

[7m126[0m                 const data = doc.data();
[7m   [0m [91m                ~~~~~[0m

[96msrc/pages/admin/StoreManagement.tsx[0m:[93m132[0m:[93m34[0m - [91merror[0m[90m TS1005: [0m'}' expected.

[7m132[0m                                 };
[7m   [0m [91m                                 ~[0m

[96msrc/pages/admin/StoreManagement.tsx[0m:[93m133[0m:[93m17[0m - [91merror[0m[90m TS1381: [0mUnexpected token. Did you mean `{'}'}` or `&rbrace;`?

[7m133[0m                 }
[7m   [0m [91m                ~[0m

[96msrc/pages/admin/StoreManagement.tsx[0m:[93m134[0m:[93m13[0m - [91merror[0m[90m TS1381: [0mUnexpected token. Did you mean `{'}'}` or `&rbrace;`?

[7m134[0m             });
[7m   [0m [91m            ~[0m

[96msrc/pages/admin/StoreManagement.tsx[0m:[93m136[0m:[93m9[0m - [91merror[0m[90m TS1381: [0mUnexpected token. Did you mean `{'}'}` or `&rbrace;`?

[7m136[0m         });
[7m   [0m [91m        ~[0m

[96msrc/pages/admin/StoreManagement.tsx[0m:[93m137[0m:[93m20[0m - [91merror[0m[90m TS1382: [0mUnexpected token. Did you mean `{'>'}` or `&gt;`?

[7m137[0m         return () => unsubscribe();
[7m   [0m [91m                   ~[0m

[96msrc/pages/admin/StoreManagement.tsx[0m:[93m138[0m:[93m5[0m - [91merror[0m[90m TS1381: [0mUnexpected token. Did you mean `{'}'}` or `&rbrace;`?

[7m138[0m     }, []);
[7m   [0m [91m    ~[0m


Found 15 errors in the same file, starting at: src/pages/admin/StoreManagement.tsx[90m:118[0m

⠙[1G[0K[1mnpm[22m [31merror[39m Lifecycle script `build` failed with error:
⠙[1G[0K[1mnpm[22m [31merror[39m [94mcode[39m [33m2[39m
⠙[1G[0K[1mnpm[22m [31merror[39m [94mpath[39m /Users/shahbaz/Documents/Spendigo/apps/web
⠙[1G[0K[1mnpm[22m [31merror[39m [94mworkspace[39m spendigo-web@0.0.0
⠙[1G[0K[1mnpm[22m [31merror[39m [94mlocation[39m /Users/shahbaz/Documents/Spendigo/apps/web
⠙[1G[0K[1mnpm[22m [31merror[39m command failed
⠙[1G[0K[1mnpm[22m [31merror[39m [94mcommand[39m sh -c tsc && vite build
⠙[1G[0K
