[debug] [2025-12-29T17:21:06.337Z] ----------------------------------------------------------------------
[debug] [2025-12-29T17:21:06.342Z] Command:       /usr/local/Cellar/node/25.2.1/bin/node /usr/local/bin/firebase emulators:start --only functions
[debug] [2025-12-29T17:21:06.343Z] CLI Version:   15.1.0
[debug] [2025-12-29T17:21:06.343Z] Platform:      darwin
[debug] [2025-12-29T17:21:06.343Z] Node Version:  v25.2.1
[debug] [2025-12-29T17:21:06.343Z] Time:          Mon Dec 29 2025 12:21:06 GMT-0500 (Eastern Standard Time)
[debug] [2025-12-29T17:21:06.343Z] ----------------------------------------------------------------------
[debug] 
[debug] [2025-12-29T17:21:10.500Z] > command requires scopes: ["email","openid","https://www.googleapis.com/auth/cloudplatformprojects.readonly","https://www.googleapis.com/auth/firebase","https://www.googleapis.com/auth/cloud-platform"]
[debug] [2025-12-29T17:21:10.500Z] > authorizing via signed-in user (alishahbazsidhu@gmail.com)
[info] i  emulators: Starting emulators: functions {"metadata":{"emulator":{"name":"hub"},"message":"Starting emulators: functions"}}
[debug] [2025-12-29T17:21:11.649Z] [logging] Logging Emulator only supports listening on one address (127.0.0.1). Not listening on ::1
[debug] [2025-12-29T17:21:11.649Z] assigned listening specs for emulators {"user":{"hub":[{"address":"127.0.0.1","family":"IPv4","port":4400},{"address":"::1","family":"IPv6","port":4400}],"ui":[{"address":"127.0.0.1","family":"IPv4","port":4000},{"address":"::1","family":"IPv6","port":4000}],"logging":[{"address":"127.0.0.1","family":"IPv4","port":4500}]},"metadata":{"message":"assigned listening specs for emulators"}}
[debug] [2025-12-29T17:21:11.665Z] Emulator locator file path: /var/folders/p3/6fkb9mt5743bx1m0ckttt64c0000gn/T/hub-spendigo-8540c.json
[debug] [2025-12-29T17:21:11.666Z] [hub] writing locator at /var/folders/p3/6fkb9mt5743bx1m0ckttt64c0000gn/T/hub-spendigo-8540c.json
[debug] [2025-12-29T17:21:13.091Z] [functions] Functions Emulator only supports listening on one address (127.0.0.1). Not listening on ::1
[debug] [2025-12-29T17:21:13.092Z] [eventarc] Eventarc Emulator only supports listening on one address (127.0.0.1). Not listening on ::1
[debug] [2025-12-29T17:21:13.092Z] [tasks] Cloud Tasks Emulator only supports listening on one address (127.0.0.1). Not listening on ::1
[debug] [2025-12-29T17:21:13.092Z] late-assigned ports for functions and eventarc emulators {"user":{"hub":[{"address":"127.0.0.1","family":"IPv4","port":4400},{"address":"::1","family":"IPv6","port":4400}],"ui":[{"address":"127.0.0.1","family":"IPv4","port":4000},{"address":"::1","family":"IPv6","port":4000}],"logging":[{"address":"127.0.0.1","family":"IPv4","port":4500}],"functions":[{"address":"127.0.0.1","family":"IPv4","port":5001}],"eventarc":[{"address":"127.0.0.1","family":"IPv4","port":9299}],"tasks":[{"address":"127.0.0.1","family":"IPv4","port":9499}]},"metadata":{"message":"late-assigned ports for functions and eventarc emulators"}}
[warn] ⚠  functions: The following emulators are not running, calls to these services from the Functions emulator will affect production: apphosting, auth, firestore, database, hosting, pubsub, storage, dataconnect {"metadata":{"emulator":{"name":"functions"},"message":"The following emulators are not running, calls to these services from the Functions emulator will affect production: \u001b[1mapphosting, auth, firestore, database, hosting, pubsub, storage, dataconnect\u001b[22m"}}
[debug] [2025-12-29T17:21:13.144Z] defaultcredentials: writing to file /Users/shahbaz/.config/firebase/alishahbazsidhu_gmail_com_application_default_credentials.json
[debug] [2025-12-29T17:21:13.149Z] Setting GAC to /Users/shahbaz/.config/firebase/alishahbazsidhu_gmail_com_application_default_credentials.json {"metadata":{"emulator":{"name":"functions"},"message":"Setting GAC to /Users/shahbaz/.config/firebase/alishahbazsidhu_gmail_com_application_default_credentials.json"}}
[debug] [2025-12-29T17:21:13.153Z] Checked if tokens are valid: true, expires at: 1767031986104
[debug] [2025-12-29T17:21:13.153Z] Checked if tokens are valid: true, expires at: 1767031986104
[debug] [2025-12-29T17:21:13.157Z] >>> [apiv2][query] GET https://firebase.googleapis.com/v1beta1/projects/spendigo-8540c/adminSdkConfig [none]
[debug] [2025-12-29T17:21:13.465Z] <<< [apiv2][status] GET https://firebase.googleapis.com/v1beta1/projects/spendigo-8540c/adminSdkConfig 200
[debug] [2025-12-29T17:21:13.465Z] <<< [apiv2][body] GET https://firebase.googleapis.com/v1beta1/projects/spendigo-8540c/adminSdkConfig {"projectId":"spendigo-8540c","storageBucket":"spendigo-8540c.firebasestorage.app"}
[info] i  functions: Watching "/Users/shahbaz/Documents/Spendigo/services/api" for Cloud Functions... {"metadata":{"emulator":{"name":"functions"},"message":"Watching \"/Users/shahbaz/Documents/Spendigo/services/api\" for Cloud Functions..."}}
[debug] [2025-12-29T17:21:13.567Z] Validating nodejs source
[warn] ⚠  functions: package.json indicates an outdated version of firebase-functions. Please upgrade using npm install --save firebase-functions@latest in your functions directory. 
[warn] ⚠  functions: Please note that there will be breaking changes when you upgrade. 
[debug] [2025-12-29T17:21:15.902Z] > [functions] package.json contents: {
  "name": "spendigo-cloud-functions",
  "version": "1.0.0",
  "description": "Firebase Cloud Functions for Spendigo platform",
  "main": "lib/index.js",
  "scripts": {
    "build": "tsc",
    "serve": "npm run build && firebase emulators:start --only functions",
    "dev": "npm run serve",
    "shell": "npm run build && firebase functions:shell",
    "deploy": "firebase deploy --only functions",
    "logs": "firebase functions:log"
  },
  "engines": {
    "node": "20"
  },
  "dependencies": {
    "firebase-admin": "^12.0.0",
    "firebase-functions": "^4.5.0",
    "stripe": "^20.1.0"
  },
  "devDependencies": {
    "@types/node": "^20.0.0",
    "@typescript-eslint/eslint-plugin": "^6.0.0",
    "@typescript-eslint/parser": "^6.0.0",
    "eslint": "^8.0.0",
    "typescript": "^5.0.0"
  },
  "private": true
}
[debug] [2025-12-29T17:21:15.903Z] Building nodejs source
[debug] [2025-12-29T17:21:15.905Z] Failed to find version of module node: reached end of search path /Users/shahbaz/Documents/Spendigo/services/api/node_modules
[warn] ⚠  functions: Your requested "node" version "20" doesn't match your global version "25". Using node@25 from host. 
[info] i  functions: You are using a version of firebase-functions SDK (4.9.0) that does not have support for the newest Firebase Extensions features. Please update firebase-functions SDK to >=5.1.0 to use them correctly 
[debug] [2025-12-29T17:21:15.916Z] Could not find functions.yaml. Must use http discovery
[debug] [2025-12-29T17:21:15.940Z] Found firebase-functions binary at '/Users/shahbaz/Documents/Spendigo/node_modules/.bin/firebase-functions'
[debug] [2025-12-29T17:21:16.047Z] [work-queue] {"queuedWork":["/spendigo-8540c/us-central1/getPaymentHistory-2025-12-29T17:21:16.047Z"],"queueLength":1,"runningWork":[],"workRunningCount":0}
[debug] [2025-12-29T17:21:16.048Z] [work-queue] {"queuedWork":[],"queueLength":0,"runningWork":["/spendigo-8540c/us-central1/getPaymentHistory-2025-12-29T17:21:16.047Z"],"workRunningCount":1}
[debug] [2025-12-29T17:21:16.060Z] [work-queue] {"queuedWork":[],"queueLength":0,"runningWork":[],"workRunningCount":0}
[debug] [2025-12-29T17:21:16.072Z] [work-queue] {"queuedWork":["/spendigo-8540c/us-central1/getPaymentHistory-2025-12-29T17:21:16.072Z"],"queueLength":1,"runningWork":[],"workRunningCount":0}
[debug] [2025-12-29T17:21:16.072Z] [work-queue] {"queuedWork":[],"queueLength":0,"runningWork":["/spendigo-8540c/us-central1/getPaymentHistory-2025-12-29T17:21:16.072Z"],"workRunningCount":1}
[debug] [2025-12-29T17:21:16.073Z] [work-queue] {"queuedWork":[],"queueLength":0,"runningWork":[],"workRunningCount":0}
[info] Serving at port 8662

[debug] [2025-12-29T17:21:18.589Z] Got response from /__/functions.yaml {"endpoints":{"inviteTeamMember":{"platform":"gcfv1","labels":{},"availableMemoryMb":null,"timeoutSeconds":null,"minInstances":null,"maxInstances":null,"ingressSettings":null,"serviceAccountEmail":null,"vpc":null,"callableTrigger":{},"entryPoint":"inviteTeamMember"},"createCheckoutSession":{"platform":"gcfv1","labels":{},"availableMemoryMb":null,"timeoutSeconds":null,"minInstances":null,"maxInstances":null,"ingressSettings":null,"serviceAccountEmail":null,"vpc":null,"callableTrigger":{},"entryPoint":"createCheckoutSession"},"stripeWebhook":{"platform":"gcfv1","availableMemoryMb":null,"timeoutSeconds":null,"minInstances":null,"maxInstances":null,"ingressSettings":null,"serviceAccountEmail":null,"vpc":null,"httpsTrigger":{},"entryPoint":"stripeWebhook"},"getPaymentHistory":{"platform":"gcfv1","labels":{},"availableMemoryMb":null,"timeoutSeconds":null,"minInstances":null,"maxInstances":null,"ingressSettings":null,"serviceAccountEmail":null,"vpc":null,"callableTrigger":{},"entryPoint":"getPaymentHistory"}},"specVersion":"v1alpha1","requiredAPIs":[]}
[info] ✔  functions: Loaded functions definitions from source: inviteTeamMember, createCheckoutSession, stripeWebhook, getPaymentHistory. {"metadata":{"emulator":{"name":"functions"},"message":"Loaded functions definitions from source: inviteTeamMember, createCheckoutSession, stripeWebhook, getPaymentHistory."}}
[info] ✔  functions[us-central1-inviteTeamMember]: http function initialized (http://127.0.0.1:5001/spendigo-8540c/us-central1/inviteTeamMember). {"metadata":{"emulator":{"name":"functions"},"message":"\u001b[1mhttp\u001b[22m function initialized (http://127.0.0.1:5001/spendigo-8540c/us-central1/inviteTeamMember)."}}
[info] ✔  functions[us-central1-createCheckoutSession]: http function initialized (http://127.0.0.1:5001/spendigo-8540c/us-central1/createCheckoutSession). {"metadata":{"emulator":{"name":"functions"},"message":"\u001b[1mhttp\u001b[22m function initialized (http://127.0.0.1:5001/spendigo-8540c/us-central1/createCheckoutSession)."}}
[info] ✔  functions[us-central1-stripeWebhook]: http function initialized (http://127.0.0.1:5001/spendigo-8540c/us-central1/stripeWebhook). {"metadata":{"emulator":{"name":"functions"},"message":"\u001b[1mhttp\u001b[22m function initialized (http://127.0.0.1:5001/spendigo-8540c/us-central1/stripeWebhook)."}}
[info] ✔  functions[us-central1-getPaymentHistory]: http function initialized (http://127.0.0.1:5001/spendigo-8540c/us-central1/getPaymentHistory). {"metadata":{"emulator":{"name":"functions"},"message":"\u001b[1mhttp\u001b[22m function initialized (http://127.0.0.1:5001/spendigo-8540c/us-central1/getPaymentHistory)."}}
[debug] [2025-12-29T17:21:22.678Z] Could not find VSCode notification endpoint: FetchError: request to http://localhost:40001/vscode/notify failed, reason: . If you are not running the Firebase Data Connect VSCode extension, this is expected and not an issue.
[info] 
┌─────────────────────────────────────────────────────────────┐
│ ✔  All emulators ready! It is now safe to connect your app. │
│ i  View Emulator UI at http://127.0.0.1:4000/               │
└─────────────────────────────────────────────────────────────┘

┌───────────┬────────────────┬─────────────────────────────────┐
│ Emulator  │ Host:Port      │ View in Emulator UI             │
├───────────┼────────────────┼─────────────────────────────────┤
│ Functions │ 127.0.0.1:5001 │ http://127.0.0.1:4000/functions │
└───────────┴────────────────┴─────────────────────────────────┘
  Emulator Hub host: 127.0.0.1 port: 4400
  Other reserved ports: 4500

Issues? Report them at https://github.com/firebase/firebase-tools/issues and attach the *-debug.log files.
 
[debug] [2025-12-29T17:21:23.979Z] [work-queue] {"queuedWork":["/spendigo-8540c/us-central1/getPaymentHistory-2025-12-29T17:21:23.979Z"],"queueLength":1,"runningWork":[],"workRunningCount":0}
[debug] [2025-12-29T17:21:23.980Z] [work-queue] {"queuedWork":[],"queueLength":0,"runningWork":["/spendigo-8540c/us-central1/getPaymentHistory-2025-12-29T17:21:23.979Z"],"workRunningCount":1}
[debug] [2025-12-29T17:21:23.981Z] Accepted request OPTIONS /spendigo-8540c/us-central1/getPaymentHistory --> us-central1-getPaymentHistory
[debug] [2025-12-29T17:21:23.983Z] [functions] Runtime ready! Sending request! {"metadata":{"emulator":{"name":"functions"},"message":"[functions] Runtime ready! Sending request!"}}
[debug] [2025-12-29T17:21:23.984Z] [functions] Got req.url=/spendigo-8540c/us-central1/getPaymentHistory, mapping to path=/ {"metadata":{"emulator":{"name":"functions"},"message":"[functions] Got req.url=/spendigo-8540c/us-central1/getPaymentHistory, mapping to path=/"}}
[debug] [2025-12-29T17:21:24.031Z] [worker-pool] addWorker(us-central1-getPaymentHistory) {"metadata":{"emulator":{"name":"functions"},"message":"[worker-pool] addWorker(us-central1-getPaymentHistory)"}}
[debug] [2025-12-29T17:21:24.034Z] [worker-pool] Adding worker with key us-central1-getPaymentHistory, total=1 {"metadata":{"emulator":{"name":"functions"},"message":"[worker-pool] Adding worker with key us-central1-getPaymentHistory, total=1"}}
[debug] [2025-12-29T17:21:24.043Z] [work-queue] {"queuedWork":["/spendigo-8540c/us-central1/getPaymentHistory-2025-12-29T17:21:24.043Z"],"queueLength":1,"runningWork":["/spendigo-8540c/us-central1/getPaymentHistory-2025-12-29T17:21:23.979Z"],"workRunningCount":1}
[debug] [2025-12-29T17:21:24.043Z] [work-queue] {"queuedWork":[],"queueLength":0,"runningWork":["/spendigo-8540c/us-central1/getPaymentHistory-2025-12-29T17:21:23.979Z","/spendigo-8540c/us-central1/getPaymentHistory-2025-12-29T17:21:24.043Z"],"workRunningCount":2}
[debug] [2025-12-29T17:21:24.043Z] Accepted request OPTIONS /spendigo-8540c/us-central1/getPaymentHistory --> us-central1-getPaymentHistory
[debug] [2025-12-29T17:21:24.051Z] [functions] Runtime ready! Sending request! {"metadata":{"emulator":{"name":"functions"},"message":"[functions] Runtime ready! Sending request!"}}
[debug] [2025-12-29T17:21:24.053Z] [functions] Got req.url=/spendigo-8540c/us-central1/getPaymentHistory, mapping to path=/ {"metadata":{"emulator":{"name":"functions"},"message":"[functions] Got req.url=/spendigo-8540c/us-central1/getPaymentHistory, mapping to path=/"}}
[debug] [2025-12-29T17:21:24.058Z] [worker-pool] addWorker(us-central1-getPaymentHistory) {"metadata":{"emulator":{"name":"functions"},"message":"[worker-pool] addWorker(us-central1-getPaymentHistory)"}}
[debug] [2025-12-29T17:21:24.060Z] [worker-pool] Adding worker with key us-central1-getPaymentHistory, total=2 {"metadata":{"emulator":{"name":"functions"},"message":"[worker-pool] Adding worker with key us-central1-getPaymentHistory, total=2"}}
[debug] [2025-12-29T17:21:26.618Z] [runtime-status] [17789] Resolved module firebase-admin {"declared":true,"installed":true,"version":"12.7.0","resolution":"/Users/shahbaz/Documents/Spendigo/node_modules/firebase-admin/lib/index.js"} {"metadata":{"emulator":{"name":"functions"},"function":{"name":"us-central1-getPaymentHistory"},"extension":{},"message":"[runtime-status] [17789] Resolved module firebase-admin {\"declared\":true,\"installed\":true,\"version\":\"12.7.0\",\"resolution\":\"/Users/shahbaz/Documents/Spendigo/node_modules/firebase-admin/lib/index.js\"}"}}
[debug] [2025-12-29T17:21:26.619Z] [runtime-status] [17788] Resolved module firebase-admin {"declared":true,"installed":true,"version":"12.7.0","resolution":"/Users/shahbaz/Documents/Spendigo/node_modules/firebase-admin/lib/index.js"} {"metadata":{"emulator":{"name":"functions"},"function":{"name":"us-central1-getPaymentHistory"},"extension":{},"message":"[runtime-status] [17788] Resolved module firebase-admin {\"declared\":true,\"installed\":true,\"version\":\"12.7.0\",\"resolution\":\"/Users/shahbaz/Documents/Spendigo/node_modules/firebase-admin/lib/index.js\"}"}}
[debug] [2025-12-29T17:21:26.620Z] [runtime-status] [17789] Resolved module firebase-functions {"declared":true,"installed":true,"version":"4.9.0","resolution":"/Users/shahbaz/Documents/Spendigo/node_modules/firebase-functions/lib/v1/index.js"} {"metadata":{"emulator":{"name":"functions"},"function":{"name":"us-central1-getPaymentHistory"},"extension":{},"message":"[runtime-status] [17789] Resolved module firebase-functions {\"declared\":true,\"installed\":true,\"version\":\"4.9.0\",\"resolution\":\"/Users/shahbaz/Documents/Spendigo/node_modules/firebase-functions/lib/v1/index.js\"}"}}
[debug] [2025-12-29T17:21:26.620Z] [runtime-status] [17788] Resolved module firebase-functions {"declared":true,"installed":true,"version":"4.9.0","resolution":"/Users/shahbaz/Documents/Spendigo/node_modules/firebase-functions/lib/v1/index.js"} {"metadata":{"emulator":{"name":"functions"},"function":{"name":"us-central1-getPaymentHistory"},"extension":{},"message":"[runtime-status] [17788] Resolved module firebase-functions {\"declared\":true,\"installed\":true,\"version\":\"4.9.0\",\"resolution\":\"/Users/shahbaz/Documents/Spendigo/node_modules/firebase-functions/lib/v1/index.js\"}"}}
[debug] [2025-12-29T17:21:26.620Z] [runtime-status] [17788] Outgoing network have been stubbed. [{"name":"http","status":"mocked"},{"name":"http","status":"mocked"},{"name":"https","status":"mocked"},{"name":"https","status":"mocked"},{"name":"net","status":"mocked"}] {"metadata":{"emulator":{"name":"functions"},"function":{"name":"us-central1-getPaymentHistory"},"extension":{},"message":"[runtime-status] [17788] Outgoing network have been stubbed. [{\"name\":\"http\",\"status\":\"mocked\"},{\"name\":\"http\",\"status\":\"mocked\"},{\"name\":\"https\",\"status\":\"mocked\"},{\"name\":\"https\",\"status\":\"mocked\"},{\"name\":\"net\",\"status\":\"mocked\"}]"}}
[debug] [2025-12-29T17:21:26.620Z] [runtime-status] [17789] Outgoing network have been stubbed. [{"name":"http","status":"mocked"},{"name":"http","status":"mocked"},{"name":"https","status":"mocked"},{"name":"https","status":"mocked"},{"name":"net","status":"mocked"}] {"metadata":{"emulator":{"name":"functions"},"function":{"name":"us-central1-getPaymentHistory"},"extension":{},"message":"[runtime-status] [17789] Outgoing network have been stubbed. [{\"name\":\"http\",\"status\":\"mocked\"},{\"name\":\"http\",\"status\":\"mocked\"},{\"name\":\"https\",\"status\":\"mocked\"},{\"name\":\"https\",\"status\":\"mocked\"},{\"name\":\"net\",\"status\":\"mocked\"}]"}}
[debug] [2025-12-29T17:21:26.621Z] [runtime-status] [17788] Resolved module firebase-functions {"declared":true,"installed":true,"version":"4.9.0","resolution":"/Users/shahbaz/Documents/Spendigo/node_modules/firebase-functions/lib/v1/index.js"} {"metadata":{"emulator":{"name":"functions"},"function":{"name":"us-central1-getPaymentHistory"},"extension":{},"message":"[runtime-status] [17788] Resolved module firebase-functions {\"declared\":true,\"installed\":true,\"version\":\"4.9.0\",\"resolution\":\"/Users/shahbaz/Documents/Spendigo/node_modules/firebase-functions/lib/v1/index.js\"}"}}
[debug] [2025-12-29T17:21:26.622Z] [runtime-status] [17789] Resolved module firebase-functions {"declared":true,"installed":true,"version":"4.9.0","resolution":"/Users/shahbaz/Documents/Spendigo/node_modules/firebase-functions/lib/v1/index.js"} {"metadata":{"emulator":{"name":"functions"},"function":{"name":"us-central1-getPaymentHistory"},"extension":{},"message":"[runtime-status] [17789] Resolved module firebase-functions {\"declared\":true,\"installed\":true,\"version\":\"4.9.0\",\"resolution\":\"/Users/shahbaz/Documents/Spendigo/node_modules/firebase-functions/lib/v1/index.js\"}"}}
[debug] [2025-12-29T17:21:26.994Z] [runtime-status] [17788] Resolved module firebase-admin {"declared":true,"installed":true,"version":"12.7.0","resolution":"/Users/shahbaz/Documents/Spendigo/node_modules/firebase-admin/lib/index.js"} {"metadata":{"emulator":{"name":"functions"},"function":{"name":"us-central1-getPaymentHistory"},"extension":{},"message":"[runtime-status] [17788] Resolved module firebase-admin {\"declared\":true,\"installed\":true,\"version\":\"12.7.0\",\"resolution\":\"/Users/shahbaz/Documents/Spendigo/node_modules/firebase-admin/lib/index.js\"}"}}
[debug] [2025-12-29T17:21:26.995Z] [runtime-status] [17789] Resolved module firebase-admin {"declared":true,"installed":true,"version":"12.7.0","resolution":"/Users/shahbaz/Documents/Spendigo/node_modules/firebase-admin/lib/index.js"} {"metadata":{"emulator":{"name":"functions"},"function":{"name":"us-central1-getPaymentHistory"},"extension":{},"message":"[runtime-status] [17789] Resolved module firebase-admin {\"declared\":true,\"installed\":true,\"version\":\"12.7.0\",\"resolution\":\"/Users/shahbaz/Documents/Spendigo/node_modules/firebase-admin/lib/index.js\"}"}}
[debug] [2025-12-29T17:21:26.998Z] [runtime-status] [17788] Resolved module firebase-functions {"declared":true,"installed":true,"version":"4.9.0","resolution":"/Users/shahbaz/Documents/Spendigo/node_modules/firebase-functions/lib/v1/index.js"} {"metadata":{"emulator":{"name":"functions"},"function":{"name":"us-central1-getPaymentHistory"},"extension":{},"message":"[runtime-status] [17788] Resolved module firebase-functions {\"declared\":true,\"installed\":true,\"version\":\"4.9.0\",\"resolution\":\"/Users/shahbaz/Documents/Spendigo/node_modules/firebase-functions/lib/v1/index.js\"}"}}
[debug] [2025-12-29T17:21:26.999Z] [runtime-status] [17789] Resolved module firebase-functions {"declared":true,"installed":true,"version":"4.9.0","resolution":"/Users/shahbaz/Documents/Spendigo/node_modules/firebase-functions/lib/v1/index.js"} {"metadata":{"emulator":{"name":"functions"},"function":{"name":"us-central1-getPaymentHistory"},"extension":{},"message":"[runtime-status] [17789] Resolved module firebase-functions {\"declared\":true,\"installed\":true,\"version\":\"4.9.0\",\"resolution\":\"/Users/shahbaz/Documents/Spendigo/node_modules/firebase-functions/lib/v1/index.js\"}"}}
[debug] [2025-12-29T17:21:27.312Z] [runtime-status] [17788] firebase-admin has been stubbed. {"adminResolution":{"declared":true,"installed":true,"version":"12.7.0","resolution":"/Users/shahbaz/Documents/Spendigo/node_modules/firebase-admin/lib/index.js"}} {"metadata":{"emulator":{"name":"functions"},"function":{"name":"us-central1-getPaymentHistory"},"extension":{},"message":"[runtime-status] [17788] firebase-admin has been stubbed. {\"adminResolution\":{\"declared\":true,\"installed\":true,\"version\":\"12.7.0\",\"resolution\":\"/Users/shahbaz/Documents/Spendigo/node_modules/firebase-admin/lib/index.js\"}}"}}
[debug] [2025-12-29T17:21:27.312Z] [runtime-status] [17789] firebase-admin has been stubbed. {"adminResolution":{"declared":true,"installed":true,"version":"12.7.0","resolution":"/Users/shahbaz/Documents/Spendigo/node_modules/firebase-admin/lib/index.js"}} {"metadata":{"emulator":{"name":"functions"},"function":{"name":"us-central1-getPaymentHistory"},"extension":{},"message":"[runtime-status] [17789] firebase-admin has been stubbed. {\"adminResolution\":{\"declared\":true,\"installed\":true,\"version\":\"12.7.0\",\"resolution\":\"/Users/shahbaz/Documents/Spendigo/node_modules/firebase-admin/lib/index.js\"}}"}}
[debug] [2025-12-29T17:21:27.318Z] [runtime-status] [17789] initializeApp(DEFAULT) {"storageBucket":"spendigo-8540c.firebasestorage.app","projectId":"spendigo-8540c"} {"metadata":{"emulator":{"name":"functions"},"function":{"name":"us-central1-getPaymentHistory"},"extension":{},"message":"[runtime-status] [17789] initializeApp(DEFAULT) {\"storageBucket\":\"spendigo-8540c.firebasestorage.app\",\"projectId\":\"spendigo-8540c\"}"}}
[debug] [2025-12-29T17:21:27.318Z] [runtime-status] [17788] initializeApp(DEFAULT) {"storageBucket":"spendigo-8540c.firebasestorage.app","projectId":"spendigo-8540c"} {"metadata":{"emulator":{"name":"functions"},"function":{"name":"us-central1-getPaymentHistory"},"extension":{},"message":"[runtime-status] [17788] initializeApp(DEFAULT) {\"storageBucket\":\"spendigo-8540c.firebasestorage.app\",\"projectId\":\"spendigo-8540c\"}"}}
[warn] ⚠  functions: The Cloud Firestore emulator is not running, so calls to Firestore will affect production. {"metadata":{"emulator":{"name":"functions"},"function":{"name":"us-central1-getPaymentHistory"},"extension":{},"message":"The Cloud Firestore emulator is not running, so calls to Firestore will affect production."}}
[debug] [2025-12-29T17:21:27.638Z] [runtime-status] [17788] Functions runtime initialized. {"cwd":"/Users/shahbaz/Documents/Spendigo/services/api","node_version":"25.2.1"} {"metadata":{"emulator":{"name":"functions"},"function":{"name":"us-central1-getPaymentHistory"},"extension":{},"message":"[runtime-status] [17788] Functions runtime initialized. {\"cwd\":\"/Users/shahbaz/Documents/Spendigo/services/api\",\"node_version\":\"25.2.1\"}"}}
[debug] [2025-12-29T17:21:27.639Z] [runtime-status] [17789] Functions runtime initialized. {"cwd":"/Users/shahbaz/Documents/Spendigo/services/api","node_version":"25.2.1"} {"metadata":{"emulator":{"name":"functions"},"function":{"name":"us-central1-getPaymentHistory"},"extension":{},"message":"[runtime-status] [17789] Functions runtime initialized. {\"cwd\":\"/Users/shahbaz/Documents/Spendigo/services/api\",\"node_version\":\"25.2.1\"}"}}
[debug] [2025-12-29T17:21:27.640Z] [runtime-status] [17788] Listening to port: /var/folders/p3/6fkb9mt5743bx1m0ckttt64c0000gn/T/fire_emu_13e17b2fbdc27431.sock {"metadata":{"emulator":{"name":"functions"},"function":{"name":"us-central1-getPaymentHistory"},"extension":{},"message":"[runtime-status] [17788] Listening to port: /var/folders/p3/6fkb9mt5743bx1m0ckttt64c0000gn/T/fire_emu_13e17b2fbdc27431.sock"}}
[debug] [2025-12-29T17:21:27.641Z] [runtime-status] [17789] Listening to port: /var/folders/p3/6fkb9mt5743bx1m0ckttt64c0000gn/T/fire_emu_29580ec51a71d0fe.sock {"metadata":{"emulator":{"name":"functions"},"function":{"name":"us-central1-getPaymentHistory"},"extension":{},"message":"[runtime-status] [17789] Listening to port: /var/folders/p3/6fkb9mt5743bx1m0ckttt64c0000gn/T/fire_emu_29580ec51a71d0fe.sock"}}
[debug] [2025-12-29T17:21:27.703Z] [worker-us-central1-getPaymentHistory-16aee78e-1555-410d-bd22-7f727ed0d464]: IDLE {"metadata":{"emulator":{"name":"functions"},"function":{"name":"us-central1-getPaymentHistory"},"extension":{},"message":"[worker-us-central1-getPaymentHistory-16aee78e-1555-410d-bd22-7f727ed0d464]: IDLE"}}
[debug] [2025-12-29T17:21:27.704Z] [worker-pool] submitRequest(triggerId=us-central1-getPaymentHistory) {"metadata":{"emulator":{"name":"functions"},"message":"[worker-pool] submitRequest(triggerId=us-central1-getPaymentHistory)"}}
[info] i  functions: Beginning execution of "us-central1-getPaymentHistory" {"metadata":{"emulator":{"name":"functions"},"function":{"name":"us-central1-getPaymentHistory"},"extension":{},"message":"Beginning execution of \"us-central1-getPaymentHistory\""}}
[debug] [2025-12-29T17:21:27.705Z] [worker-us-central1-getPaymentHistory-16aee78e-1555-410d-bd22-7f727ed0d464]: BUSY {"metadata":{"emulator":{"name":"functions"},"function":{"name":"us-central1-getPaymentHistory"},"extension":{},"message":"[worker-us-central1-getPaymentHistory-16aee78e-1555-410d-bd22-7f727ed0d464]: BUSY"}}
[debug] [2025-12-29T17:21:27.715Z] Finishing up request with event=pause {"metadata":{"emulator":{"name":"functions"},"function":{"name":"us-central1-getPaymentHistory"},"extension":{},"message":"Finishing up request with event=pause"}}
[info] i  functions: Finished "us-central1-getPaymentHistory" in 10.87434ms {"metadata":{"emulator":{"name":"functions"},"function":{"name":"us-central1-getPaymentHistory"},"extension":{},"message":"Finished \"us-central1-getPaymentHistory\" in 10.87434ms"}}
[debug] [2025-12-29T17:21:27.716Z] [worker-us-central1-getPaymentHistory-16aee78e-1555-410d-bd22-7f727ed0d464]: IDLE {"metadata":{"emulator":{"name":"functions"},"function":{"name":"us-central1-getPaymentHistory"},"extension":{},"message":"[worker-us-central1-getPaymentHistory-16aee78e-1555-410d-bd22-7f727ed0d464]: IDLE"}}
[debug] [2025-12-29T17:21:27.716Z] Finishing up request with event=finish {"metadata":{"emulator":{"name":"functions"},"function":{"name":"us-central1-getPaymentHistory"},"extension":{},"message":"Finishing up request with event=finish"}}
[debug] [2025-12-29T17:21:27.717Z] Finishing up request with event=close {"metadata":{"emulator":{"name":"functions"},"function":{"name":"us-central1-getPaymentHistory"},"extension":{},"message":"Finishing up request with event=close"}}
[debug] [2025-12-29T17:21:27.717Z] [work-queue] {"queuedWork":[],"queueLength":0,"runningWork":["/spendigo-8540c/us-central1/getPaymentHistory-2025-12-29T17:21:24.043Z"],"workRunningCount":1}
[debug] [2025-12-29T17:21:27.718Z] [work-queue] {"queuedWork":["/spendigo-8540c/us-central1/getPaymentHistory-2025-12-29T17:21:27.718Z"],"queueLength":1,"runningWork":["/spendigo-8540c/us-central1/getPaymentHistory-2025-12-29T17:21:24.043Z"],"workRunningCount":1}
[debug] [2025-12-29T17:21:27.718Z] [work-queue] {"queuedWork":[],"queueLength":0,"runningWork":["/spendigo-8540c/us-central1/getPaymentHistory-2025-12-29T17:21:24.043Z","/spendigo-8540c/us-central1/getPaymentHistory-2025-12-29T17:21:27.718Z"],"workRunningCount":2}
[debug] [2025-12-29T17:21:27.718Z] Accepted request POST /spendigo-8540c/us-central1/getPaymentHistory --> us-central1-getPaymentHistory
[debug] [2025-12-29T17:21:27.719Z] [functions] Runtime ready! Sending request! {"metadata":{"emulator":{"name":"functions"},"message":"[functions] Runtime ready! Sending request!"}}
[debug] [2025-12-29T17:21:27.720Z] [functions] Got req.url=/spendigo-8540c/us-central1/getPaymentHistory, mapping to path=/ {"metadata":{"emulator":{"name":"functions"},"message":"[functions] Got req.url=/spendigo-8540c/us-central1/getPaymentHistory, mapping to path=/"}}
[debug] [2025-12-29T17:21:27.720Z] [worker-pool] submitRequest(triggerId=us-central1-getPaymentHistory) {"metadata":{"emulator":{"name":"functions"},"message":"[worker-pool] submitRequest(triggerId=us-central1-getPaymentHistory)"}}
[info] i  functions: Beginning execution of "us-central1-getPaymentHistory" {"metadata":{"emulator":{"name":"functions"},"function":{"name":"us-central1-getPaymentHistory"},"extension":{},"message":"Beginning execution of \"us-central1-getPaymentHistory\""}}
[debug] [2025-12-29T17:21:27.720Z] [worker-us-central1-getPaymentHistory-16aee78e-1555-410d-bd22-7f727ed0d464]: BUSY {"metadata":{"emulator":{"name":"functions"},"function":{"name":"us-central1-getPaymentHistory"},"extension":{},"message":"[worker-us-central1-getPaymentHistory-16aee78e-1555-410d-bd22-7f727ed0d464]: BUSY"}}
[debug] [2025-12-29T17:21:27.727Z] [worker-us-central1-getPaymentHistory-ea3753de-b6a8-40ec-9b71-afbb7032a284]: IDLE {"metadata":{"emulator":{"name":"functions"},"function":{"name":"us-central1-getPaymentHistory"},"extension":{},"message":"[worker-us-central1-getPaymentHistory-ea3753de-b6a8-40ec-9b71-afbb7032a284]: IDLE"}}
[debug] [2025-12-29T17:21:27.728Z] [worker-pool] submitRequest(triggerId=us-central1-getPaymentHistory) {"metadata":{"emulator":{"name":"functions"},"message":"[worker-pool] submitRequest(triggerId=us-central1-getPaymentHistory)"}}
[info] i  functions: Beginning execution of "us-central1-getPaymentHistory" {"metadata":{"emulator":{"name":"functions"},"function":{"name":"us-central1-getPaymentHistory"},"extension":{},"message":"Beginning execution of \"us-central1-getPaymentHistory\""}}
[debug] [2025-12-29T17:21:27.729Z] [worker-us-central1-getPaymentHistory-ea3753de-b6a8-40ec-9b71-afbb7032a284]: BUSY {"metadata":{"emulator":{"name":"functions"},"function":{"name":"us-central1-getPaymentHistory"},"extension":{},"message":"[worker-us-central1-getPaymentHistory-ea3753de-b6a8-40ec-9b71-afbb7032a284]: BUSY"}}
[debug] [2025-12-29T17:21:27.738Z] Finishing up request with event=pause {"metadata":{"emulator":{"name":"functions"},"function":{"name":"us-central1-getPaymentHistory"},"extension":{},"message":"Finishing up request with event=pause"}}
[info] i  functions: Finished "us-central1-getPaymentHistory" in 9.590712ms {"metadata":{"emulator":{"name":"functions"},"function":{"name":"us-central1-getPaymentHistory"},"extension":{},"message":"Finished \"us-central1-getPaymentHistory\" in 9.590712ms"}}
[debug] [2025-12-29T17:21:27.740Z] [worker-us-central1-getPaymentHistory-ea3753de-b6a8-40ec-9b71-afbb7032a284]: IDLE {"metadata":{"emulator":{"name":"functions"},"function":{"name":"us-central1-getPaymentHistory"},"extension":{},"message":"[worker-us-central1-getPaymentHistory-ea3753de-b6a8-40ec-9b71-afbb7032a284]: IDLE"}}
[debug] [2025-12-29T17:21:27.740Z] Finishing up request with event=finish {"metadata":{"emulator":{"name":"functions"},"function":{"name":"us-central1-getPaymentHistory"},"extension":{},"message":"Finishing up request with event=finish"}}
[debug] [2025-12-29T17:21:27.740Z] Finishing up request with event=close {"metadata":{"emulator":{"name":"functions"},"function":{"name":"us-central1-getPaymentHistory"},"extension":{},"message":"Finishing up request with event=close"}}
[debug] [2025-12-29T17:21:27.740Z] [work-queue] {"queuedWork":[],"queueLength":0,"runningWork":["/spendigo-8540c/us-central1/getPaymentHistory-2025-12-29T17:21:27.718Z"],"workRunningCount":1}
[debug] [2025-12-29T17:21:27.741Z] [work-queue] {"queuedWork":["/spendigo-8540c/us-central1/getPaymentHistory-2025-12-29T17:21:27.741Z"],"queueLength":1,"runningWork":["/spendigo-8540c/us-central1/getPaymentHistory-2025-12-29T17:21:27.718Z"],"workRunningCount":1}
[debug] [2025-12-29T17:21:27.742Z] [work-queue] {"queuedWork":[],"queueLength":0,"runningWork":["/spendigo-8540c/us-central1/getPaymentHistory-2025-12-29T17:21:27.718Z","/spendigo-8540c/us-central1/getPaymentHistory-2025-12-29T17:21:27.741Z"],"workRunningCount":2}
[debug] [2025-12-29T17:21:27.742Z] Accepted request POST /spendigo-8540c/us-central1/getPaymentHistory --> us-central1-getPaymentHistory
[debug] [2025-12-29T17:21:27.744Z] [functions] Runtime ready! Sending request! {"metadata":{"emulator":{"name":"functions"},"message":"[functions] Runtime ready! Sending request!"}}
[debug] [2025-12-29T17:21:27.744Z] [functions] Got req.url=/spendigo-8540c/us-central1/getPaymentHistory, mapping to path=/ {"metadata":{"emulator":{"name":"functions"},"message":"[functions] Got req.url=/spendigo-8540c/us-central1/getPaymentHistory, mapping to path=/"}}
[debug] [2025-12-29T17:21:27.745Z] [worker-pool] submitRequest(triggerId=us-central1-getPaymentHistory) {"metadata":{"emulator":{"name":"functions"},"message":"[worker-pool] submitRequest(triggerId=us-central1-getPaymentHistory)"}}
[info] i  functions: Beginning execution of "us-central1-getPaymentHistory" {"metadata":{"emulator":{"name":"functions"},"function":{"name":"us-central1-getPaymentHistory"},"extension":{},"message":"Beginning execution of \"us-central1-getPaymentHistory\""}}
[debug] [2025-12-29T17:21:27.745Z] [worker-us-central1-getPaymentHistory-ea3753de-b6a8-40ec-9b71-afbb7032a284]: BUSY {"metadata":{"emulator":{"name":"functions"},"function":{"name":"us-central1-getPaymentHistory"},"extension":{},"message":"[worker-us-central1-getPaymentHistory-ea3753de-b6a8-40ec-9b71-afbb7032a284]: BUSY"}}
[info] >  {"verifications":{"app":"MISSING","auth":"VALID"},"logging.googleapis.com/labels":{"firebase-log-type":"callable-request-verification"},"severity":"DEBUG","message":"Callable request verification passed"} {"user":{"verifications":{"app":"MISSING","auth":"VALID"},"logging.googleapis.com/labels":{"firebase-log-type":"callable-request-verification"},"severity":"DEBUG","message":"Callable request verification passed"},"metadata":{"emulator":{"name":"functions"},"function":{"name":"us-central1-getPaymentHistory"},"extension":{},"message":"\u001b[90m> \u001b[39m {\"verifications\":{\"app\":\"MISSING\",\"auth\":\"VALID\"},\"logging.googleapis.com/labels\":{\"firebase-log-type\":\"callable-request-verification\"},\"severity\":\"DEBUG\",\"message\":\"Callable request verification passed\"}"}}
[info] >  {"verifications":{"app":"MISSING","auth":"VALID"},"logging.googleapis.com/labels":{"firebase-log-type":"callable-request-verification"},"severity":"DEBUG","message":"Callable request verification passed"} {"user":{"verifications":{"app":"MISSING","auth":"VALID"},"logging.googleapis.com/labels":{"firebase-log-type":"callable-request-verification"},"severity":"DEBUG","message":"Callable request verification passed"},"metadata":{"emulator":{"name":"functions"},"function":{"name":"us-central1-getPaymentHistory"},"extension":{},"message":"\u001b[90m> \u001b[39m {\"verifications\":{\"app\":\"MISSING\",\"auth\":\"VALID\"},\"logging.googleapis.com/labels\":{\"firebase-log-type\":\"callable-request-verification\"},\"severity\":\"DEBUG\",\"message\":\"Callable request verification passed\"}"}}
[warn] ⚠  Google API requested!
   - URL: "https://oauth2.googleapis.com/token"
   - Be careful, this may be a production service. {"metadata":{"emulator":{"name":"functions"},"function":{"name":"us-central1-getPaymentHistory"},"extension":{},"message":"Google API requested!\n   - URL: \"https://oauth2.googleapis.com/token\"\n   - Be careful, this may be a production service."}}
[warn] ⚠  Google API requested!
   - URL: "https://oauth2.googleapis.com/token"
   - Be careful, this may be a production service. {"metadata":{"emulator":{"name":"functions"},"function":{"name":"us-central1-getPaymentHistory"},"extension":{},"message":"Google API requested!\n   - URL: \"https://oauth2.googleapis.com/token\"\n   - Be careful, this may be a production service."}}
[debug] [2025-12-29T17:21:29.412Z] Finishing up request with event=pause {"metadata":{"emulator":{"name":"functions"},"function":{"name":"us-central1-getPaymentHistory"},"extension":{},"message":"Finishing up request with event=pause"}}
[info] i  functions: Finished "us-central1-getPaymentHistory" in 1691.9259550000002ms {"metadata":{"emulator":{"name":"functions"},"function":{"name":"us-central1-getPaymentHistory"},"extension":{},"message":"Finished \"us-central1-getPaymentHistory\" in 1691.9259550000002ms"}}
[debug] [2025-12-29T17:21:29.412Z] [worker-us-central1-getPaymentHistory-16aee78e-1555-410d-bd22-7f727ed0d464]: IDLE {"metadata":{"emulator":{"name":"functions"},"function":{"name":"us-central1-getPaymentHistory"},"extension":{},"message":"[worker-us-central1-getPaymentHistory-16aee78e-1555-410d-bd22-7f727ed0d464]: IDLE"}}
[debug] [2025-12-29T17:21:29.413Z] Finishing up request with event=finish {"metadata":{"emulator":{"name":"functions"},"function":{"name":"us-central1-getPaymentHistory"},"extension":{},"message":"Finishing up request with event=finish"}}
[debug] [2025-12-29T17:21:29.413Z] Finishing up request with event=close {"metadata":{"emulator":{"name":"functions"},"function":{"name":"us-central1-getPaymentHistory"},"extension":{},"message":"Finishing up request with event=close"}}
[debug] [2025-12-29T17:21:29.413Z] [work-queue] {"queuedWork":[],"queueLength":0,"runningWork":["/spendigo-8540c/us-central1/getPaymentHistory-2025-12-29T17:21:27.741Z"],"workRunningCount":1}
[debug] [2025-12-29T17:21:29.438Z] Finishing up request with event=pause {"metadata":{"emulator":{"name":"functions"},"function":{"name":"us-central1-getPaymentHistory"},"extension":{},"message":"Finishing up request with event=pause"}}
[info] i  functions: Finished "us-central1-getPaymentHistory" in 1692.722919ms {"metadata":{"emulator":{"name":"functions"},"function":{"name":"us-central1-getPaymentHistory"},"extension":{},"message":"Finished \"us-central1-getPaymentHistory\" in 1692.722919ms"}}
[debug] [2025-12-29T17:21:29.439Z] [worker-us-central1-getPaymentHistory-ea3753de-b6a8-40ec-9b71-afbb7032a284]: IDLE {"metadata":{"emulator":{"name":"functions"},"function":{"name":"us-central1-getPaymentHistory"},"extension":{},"message":"[worker-us-central1-getPaymentHistory-ea3753de-b6a8-40ec-9b71-afbb7032a284]: IDLE"}}
[debug] [2025-12-29T17:21:29.440Z] Finishing up request with event=finish {"metadata":{"emulator":{"name":"functions"},"function":{"name":"us-central1-getPaymentHistory"},"extension":{},"message":"Finishing up request with event=finish"}}
[debug] [2025-12-29T17:21:29.440Z] Finishing up request with event=close {"metadata":{"emulator":{"name":"functions"},"function":{"name":"us-central1-getPaymentHistory"},"extension":{},"message":"Finishing up request with event=close"}}
[debug] [2025-12-29T17:21:29.441Z] [work-queue] {"queuedWork":[],"queueLength":0,"runningWork":[],"workRunningCount":0}
[debug] [2025-12-29T17:22:00.606Z] [work-queue] {"queuedWork":["/spendigo-8540c/us-central1/getPaymentHistory-2025-12-29T17:22:00.606Z"],"queueLength":1,"runningWork":[],"workRunningCount":0}
[debug] [2025-12-29T17:22:00.606Z] [work-queue] {"queuedWork":[],"queueLength":0,"runningWork":["/spendigo-8540c/us-central1/getPaymentHistory-2025-12-29T17:22:00.606Z"],"workRunningCount":1}
[debug] [2025-12-29T17:22:00.607Z] Accepted request OPTIONS /spendigo-8540c/us-central1/getPaymentHistory --> us-central1-getPaymentHistory
[debug] [2025-12-29T17:22:00.610Z] [functions] Runtime ready! Sending request! {"metadata":{"emulator":{"name":"functions"},"message":"[functions] Runtime ready! Sending request!"}}
[debug] [2025-12-29T17:22:00.610Z] [functions] Got req.url=/spendigo-8540c/us-central1/getPaymentHistory, mapping to path=/ {"metadata":{"emulator":{"name":"functions"},"message":"[functions] Got req.url=/spendigo-8540c/us-central1/getPaymentHistory, mapping to path=/"}}
[debug] [2025-12-29T17:22:00.610Z] [worker-pool] submitRequest(triggerId=us-central1-getPaymentHistory) {"metadata":{"emulator":{"name":"functions"},"message":"[worker-pool] submitRequest(triggerId=us-central1-getPaymentHistory)"}}
[info] i  functions: Beginning execution of "us-central1-getPaymentHistory" {"metadata":{"emulator":{"name":"functions"},"function":{"name":"us-central1-getPaymentHistory"},"extension":{},"message":"Beginning execution of \"us-central1-getPaymentHistory\""}}
[debug] [2025-12-29T17:22:00.611Z] [worker-us-central1-getPaymentHistory-16aee78e-1555-410d-bd22-7f727ed0d464]: BUSY {"metadata":{"emulator":{"name":"functions"},"function":{"name":"us-central1-getPaymentHistory"},"extension":{},"message":"[worker-us-central1-getPaymentHistory-16aee78e-1555-410d-bd22-7f727ed0d464]: BUSY"}}
[debug] [2025-12-29T17:22:00.611Z] [work-queue] {"queuedWork":["/spendigo-8540c/us-central1/getPaymentHistory-2025-12-29T17:22:00.611Z"],"queueLength":1,"runningWork":["/spendigo-8540c/us-central1/getPaymentHistory-2025-12-29T17:22:00.606Z"],"workRunningCount":1}
[debug] [2025-12-29T17:22:00.612Z] [work-queue] {"queuedWork":[],"queueLength":0,"runningWork":["/spendigo-8540c/us-central1/getPaymentHistory-2025-12-29T17:22:00.606Z","/spendigo-8540c/us-central1/getPaymentHistory-2025-12-29T17:22:00.611Z"],"workRunningCount":2}
[debug] [2025-12-29T17:22:00.612Z] Accepted request OPTIONS /spendigo-8540c/us-central1/getPaymentHistory --> us-central1-getPaymentHistory
[debug] [2025-12-29T17:22:00.614Z] [functions] Runtime ready! Sending request! {"metadata":{"emulator":{"name":"functions"},"message":"[functions] Runtime ready! Sending request!"}}
[debug] [2025-12-29T17:22:00.614Z] [functions] Got req.url=/spendigo-8540c/us-central1/getPaymentHistory, mapping to path=/ {"metadata":{"emulator":{"name":"functions"},"message":"[functions] Got req.url=/spendigo-8540c/us-central1/getPaymentHistory, mapping to path=/"}}
[debug] [2025-12-29T17:22:00.614Z] [worker-pool] submitRequest(triggerId=us-central1-getPaymentHistory) {"metadata":{"emulator":{"name":"functions"},"message":"[worker-pool] submitRequest(triggerId=us-central1-getPaymentHistory)"}}
[info] i  functions: Beginning execution of "us-central1-getPaymentHistory" {"metadata":{"emulator":{"name":"functions"},"function":{"name":"us-central1-getPaymentHistory"},"extension":{},"message":"Beginning execution of \"us-central1-getPaymentHistory\""}}
[debug] [2025-12-29T17:22:00.615Z] [worker-us-central1-getPaymentHistory-ea3753de-b6a8-40ec-9b71-afbb7032a284]: BUSY {"metadata":{"emulator":{"name":"functions"},"function":{"name":"us-central1-getPaymentHistory"},"extension":{},"message":"[worker-us-central1-getPaymentHistory-ea3753de-b6a8-40ec-9b71-afbb7032a284]: BUSY"}}
[debug] [2025-12-29T17:22:00.622Z] Finishing up request with event=pause {"metadata":{"emulator":{"name":"functions"},"function":{"name":"us-central1-getPaymentHistory"},"extension":{},"message":"Finishing up request with event=pause"}}
[info] i  functions: Finished "us-central1-getPaymentHistory" in 11.952104ms {"metadata":{"emulator":{"name":"functions"},"function":{"name":"us-central1-getPaymentHistory"},"extension":{},"message":"Finished \"us-central1-getPaymentHistory\" in 11.952104ms"}}
[debug] [2025-12-29T17:22:00.623Z] [worker-us-central1-getPaymentHistory-16aee78e-1555-410d-bd22-7f727ed0d464]: IDLE {"metadata":{"emulator":{"name":"functions"},"function":{"name":"us-central1-getPaymentHistory"},"extension":{},"message":"[worker-us-central1-getPaymentHistory-16aee78e-1555-410d-bd22-7f727ed0d464]: IDLE"}}
[debug] [2025-12-29T17:22:00.624Z] Finishing up request with event=finish {"metadata":{"emulator":{"name":"functions"},"function":{"name":"us-central1-getPaymentHistory"},"extension":{},"message":"Finishing up request with event=finish"}}
[debug] [2025-12-29T17:22:00.624Z] Finishing up request with event=close {"metadata":{"emulator":{"name":"functions"},"function":{"name":"us-central1-getPaymentHistory"},"extension":{},"message":"Finishing up request with event=close"}}
[debug] [2025-12-29T17:22:00.625Z] [work-queue] {"queuedWork":[],"queueLength":0,"runningWork":["/spendigo-8540c/us-central1/getPaymentHistory-2025-12-29T17:22:00.611Z"],"workRunningCount":1}
[debug] [2025-12-29T17:22:00.626Z] Finishing up request with event=pause {"metadata":{"emulator":{"name":"functions"},"function":{"name":"us-central1-getPaymentHistory"},"extension":{},"message":"Finishing up request with event=pause"}}
[info] i  functions: Finished "us-central1-getPaymentHistory" in 10.698418ms {"metadata":{"emulator":{"name":"functions"},"function":{"name":"us-central1-getPaymentHistory"},"extension":{},"message":"Finished \"us-central1-getPaymentHistory\" in 10.698418ms"}}
[debug] [2025-12-29T17:22:00.626Z] [worker-us-central1-getPaymentHistory-ea3753de-b6a8-40ec-9b71-afbb7032a284]: IDLE {"metadata":{"emulator":{"name":"functions"},"function":{"name":"us-central1-getPaymentHistory"},"extension":{},"message":"[worker-us-central1-getPaymentHistory-ea3753de-b6a8-40ec-9b71-afbb7032a284]: IDLE"}}
[debug] [2025-12-29T17:22:00.626Z] Finishing up request with event=finish {"metadata":{"emulator":{"name":"functions"},"function":{"name":"us-central1-getPaymentHistory"},"extension":{},"message":"Finishing up request with event=finish"}}
[debug] [2025-12-29T17:22:00.626Z] Finishing up request with event=close {"metadata":{"emulator":{"name":"functions"},"function":{"name":"us-central1-getPaymentHistory"},"extension":{},"message":"Finishing up request with event=close"}}
[debug] [2025-12-29T17:22:00.626Z] [work-queue] {"queuedWork":[],"queueLength":0,"runningWork":[],"workRunningCount":0}
[debug] [2025-12-29T17:22:00.627Z] [work-queue] {"queuedWork":["/spendigo-8540c/us-central1/getPaymentHistory-2025-12-29T17:22:00.627Z"],"queueLength":1,"runningWork":[],"workRunningCount":0}
[debug] [2025-12-29T17:22:00.627Z] [work-queue] {"queuedWork":[],"queueLength":0,"runningWork":["/spendigo-8540c/us-central1/getPaymentHistory-2025-12-29T17:22:00.627Z"],"workRunningCount":1}
[debug] [2025-12-29T17:22:00.628Z] Accepted request POST /spendigo-8540c/us-central1/getPaymentHistory --> us-central1-getPaymentHistory
[debug] [2025-12-29T17:22:00.630Z] [functions] Runtime ready! Sending request! {"metadata":{"emulator":{"name":"functions"},"message":"[functions] Runtime ready! Sending request!"}}
[debug] [2025-12-29T17:22:00.631Z] [functions] Got req.url=/spendigo-8540c/us-central1/getPaymentHistory, mapping to path=/ {"metadata":{"emulator":{"name":"functions"},"message":"[functions] Got req.url=/spendigo-8540c/us-central1/getPaymentHistory, mapping to path=/"}}
[debug] [2025-12-29T17:22:00.631Z] [worker-pool] submitRequest(triggerId=us-central1-getPaymentHistory) {"metadata":{"emulator":{"name":"functions"},"message":"[worker-pool] submitRequest(triggerId=us-central1-getPaymentHistory)"}}
[info] i  functions: Beginning execution of "us-central1-getPaymentHistory" {"metadata":{"emulator":{"name":"functions"},"function":{"name":"us-central1-getPaymentHistory"},"extension":{},"message":"Beginning execution of \"us-central1-getPaymentHistory\""}}
[debug] [2025-12-29T17:22:00.633Z] [worker-us-central1-getPaymentHistory-16aee78e-1555-410d-bd22-7f727ed0d464]: BUSY {"metadata":{"emulator":{"name":"functions"},"function":{"name":"us-central1-getPaymentHistory"},"extension":{},"message":"[worker-us-central1-getPaymentHistory-16aee78e-1555-410d-bd22-7f727ed0d464]: BUSY"}}
[debug] [2025-12-29T17:22:00.638Z] [work-queue] {"queuedWork":["/spendigo-8540c/us-central1/getPaymentHistory-2025-12-29T17:22:00.638Z"],"queueLength":1,"runningWork":["/spendigo-8540c/us-central1/getPaymentHistory-2025-12-29T17:22:00.627Z"],"workRunningCount":1}
[debug] [2025-12-29T17:22:00.639Z] [work-queue] {"queuedWork":[],"queueLength":0,"runningWork":["/spendigo-8540c/us-central1/getPaymentHistory-2025-12-29T17:22:00.627Z","/spendigo-8540c/us-central1/getPaymentHistory-2025-12-29T17:22:00.638Z"],"workRunningCount":2}
[debug] [2025-12-29T17:22:00.640Z] Accepted request POST /spendigo-8540c/us-central1/getPaymentHistory --> us-central1-getPaymentHistory
[debug] [2025-12-29T17:22:00.644Z] [functions] Runtime ready! Sending request! {"metadata":{"emulator":{"name":"functions"},"message":"[functions] Runtime ready! Sending request!"}}
[debug] [2025-12-29T17:22:00.644Z] [functions] Got req.url=/spendigo-8540c/us-central1/getPaymentHistory, mapping to path=/ {"metadata":{"emulator":{"name":"functions"},"message":"[functions] Got req.url=/spendigo-8540c/us-central1/getPaymentHistory, mapping to path=/"}}
[debug] [2025-12-29T17:22:00.647Z] [worker-pool] submitRequest(triggerId=us-central1-getPaymentHistory) {"metadata":{"emulator":{"name":"functions"},"message":"[worker-pool] submitRequest(triggerId=us-central1-getPaymentHistory)"}}
[info] i  functions: Beginning execution of "us-central1-getPaymentHistory" {"metadata":{"emulator":{"name":"functions"},"function":{"name":"us-central1-getPaymentHistory"},"extension":{},"message":"Beginning execution of \"us-central1-getPaymentHistory\""}}
[debug] [2025-12-29T17:22:00.648Z] [worker-us-central1-getPaymentHistory-ea3753de-b6a8-40ec-9b71-afbb7032a284]: BUSY {"metadata":{"emulator":{"name":"functions"},"function":{"name":"us-central1-getPaymentHistory"},"extension":{},"message":"[worker-us-central1-getPaymentHistory-ea3753de-b6a8-40ec-9b71-afbb7032a284]: BUSY"}}
[info] >  {"verifications":{"app":"MISSING","auth":"VALID"},"logging.googleapis.com/labels":{"firebase-log-type":"callable-request-verification"},"severity":"DEBUG","message":"Callable request verification passed"} {"user":{"verifications":{"app":"MISSING","auth":"VALID"},"logging.googleapis.com/labels":{"firebase-log-type":"callable-request-verification"},"severity":"DEBUG","message":"Callable request verification passed"},"metadata":{"emulator":{"name":"functions"},"function":{"name":"us-central1-getPaymentHistory"},"extension":{},"message":"\u001b[90m> \u001b[39m {\"verifications\":{\"app\":\"MISSING\",\"auth\":\"VALID\"},\"logging.googleapis.com/labels\":{\"firebase-log-type\":\"callable-request-verification\"},\"severity\":\"DEBUG\",\"message\":\"Callable request verification passed\"}"}}
[info] >  {"verifications":{"app":"MISSING","auth":"VALID"},"logging.googleapis.com/labels":{"firebase-log-type":"callable-request-verification"},"severity":"DEBUG","message":"Callable request verification passed"} {"user":{"verifications":{"app":"MISSING","auth":"VALID"},"logging.googleapis.com/labels":{"firebase-log-type":"callable-request-verification"},"severity":"DEBUG","message":"Callable request verification passed"},"metadata":{"emulator":{"name":"functions"},"function":{"name":"us-central1-getPaymentHistory"},"extension":{},"message":"\u001b[90m> \u001b[39m {\"verifications\":{\"app\":\"MISSING\",\"auth\":\"VALID\"},\"logging.googleapis.com/labels\":{\"firebase-log-type\":\"callable-request-verification\"},\"severity\":\"DEBUG\",\"message\":\"Callable request verification passed\"}"}}
[debug] [2025-12-29T17:22:01.164Z] Finishing up request with event=pause {"metadata":{"emulator":{"name":"functions"},"function":{"name":"us-central1-getPaymentHistory"},"extension":{},"message":"Finishing up request with event=pause"}}
[info] i  functions: Finished "us-central1-getPaymentHistory" in 530.985822ms {"metadata":{"emulator":{"name":"functions"},"function":{"name":"us-central1-getPaymentHistory"},"extension":{},"message":"Finished \"us-central1-getPaymentHistory\" in 530.985822ms"}}
[debug] [2025-12-29T17:22:01.164Z] [worker-us-central1-getPaymentHistory-16aee78e-1555-410d-bd22-7f727ed0d464]: IDLE {"metadata":{"emulator":{"name":"functions"},"function":{"name":"us-central1-getPaymentHistory"},"extension":{},"message":"[worker-us-central1-getPaymentHistory-16aee78e-1555-410d-bd22-7f727ed0d464]: IDLE"}}
[debug] [2025-12-29T17:22:01.165Z] Finishing up request with event=finish {"metadata":{"emulator":{"name":"functions"},"function":{"name":"us-central1-getPaymentHistory"},"extension":{},"message":"Finishing up request with event=finish"}}
[debug] [2025-12-29T17:22:01.165Z] Finishing up request with event=close {"metadata":{"emulator":{"name":"functions"},"function":{"name":"us-central1-getPaymentHistory"},"extension":{},"message":"Finishing up request with event=close"}}
[debug] [2025-12-29T17:22:01.165Z] [work-queue] {"queuedWork":[],"queueLength":0,"runningWork":["/spendigo-8540c/us-central1/getPaymentHistory-2025-12-29T17:22:00.638Z"],"workRunningCount":1}
[debug] [2025-12-29T17:22:01.165Z] Finishing up request with event=pause {"metadata":{"emulator":{"name":"functions"},"function":{"name":"us-central1-getPaymentHistory"},"extension":{},"message":"Finishing up request with event=pause"}}
[info] i  functions: Finished "us-central1-getPaymentHistory" in 517.957129ms {"metadata":{"emulator":{"name":"functions"},"function":{"name":"us-central1-getPaymentHistory"},"extension":{},"message":"Finished \"us-central1-getPaymentHistory\" in 517.957129ms"}}
[debug] [2025-12-29T17:22:01.166Z] [worker-us-central1-getPaymentHistory-ea3753de-b6a8-40ec-9b71-afbb7032a284]: IDLE {"metadata":{"emulator":{"name":"functions"},"function":{"name":"us-central1-getPaymentHistory"},"extension":{},"message":"[worker-us-central1-getPaymentHistory-ea3753de-b6a8-40ec-9b71-afbb7032a284]: IDLE"}}
[debug] [2025-12-29T17:22:01.167Z] Finishing up request with event=finish {"metadata":{"emulator":{"name":"functions"},"function":{"name":"us-central1-getPaymentHistory"},"extension":{},"message":"Finishing up request with event=finish"}}
[debug] [2025-12-29T17:22:01.167Z] Finishing up request with event=close {"metadata":{"emulator":{"name":"functions"},"function":{"name":"us-central1-getPaymentHistory"},"extension":{},"message":"Finishing up request with event=close"}}
[debug] [2025-12-29T17:22:01.168Z] [work-queue] {"queuedWork":[],"queueLength":0,"runningWork":[],"workRunningCount":0}
